0000  0.00.00           IEF923I ELIGIBLE DEVICE TABLE IOGEN    04/13/24 20.56
0000                    020548 NIP  IEA101A SPECIFY SYSTEM PARAMETERS FOR RELEASE 03.8 .VS2
0000                    020552 NIP   '
0000                    020553 NIP  IEA940I THE FOLLOWING PAGE DATA SETS ARE IN USE
0000                    020553 NIP   PLPA ... SYS1.PAGE.PLPA
0000                    020553 NIP   COMMON . SYS1.PAGE.COMMON
0000                    020553 NIP   LOCAL .. SYS1.PAGE.LOCAL
0000                    020556 NIP  IEA166I VATLST00: NO VOLUME MATCH FOUND FOR VOLUME CBT* ON DEVICE TYPE 3350
0000                    020556 NIP  IEA166I VATLST00: NO VOLUME MATCH FOUND FOR VOLUME ROB* ON DEVICE TYPE 3390
0000                    020556 NIP  IEA166I VATLST00: NO VOLUME MATCH FOUND FOR VOLUME SRC* ON DEVICE TYPE 3350
0000  3.05.56           IEF196I     1     //MSTRJCL  JOB MSGLEVEL=(0,0)
0000  3.05.57           S CMD1
0000  3.05.57           S BSPPILOT
0000  3.05.57           S JES2,,,PARM='WARM,NOREQ'
4000  3.05.57           IGF992I  MIH INIT COMPLETE, PRI=000300, SEC=000015
4000  3.05.57           IEE360I SMF NOW RECORDING ON SYS1.MANY ON TK5RES TIME=03.05.57
FFFF  3.05.57           RAKF is based on the ESG Security System
FFFF  3.05.57           written by Craig J. Yasuna               (Mar 1991)
FFFF  3.05.57           adapted to MVS 3.8J: A. Philip Dickinson (Aug 2005)
FFFF  3.05.57                                Phil Roberts        (Apr 2011)
FFFF  3.05.57                                Juergen Winkelmann  (Apr 2011)
8000  3.05.57           RAKF001I RAKF is now being activated
FFFF  3.05.57           RCVT WAS PROCESSED SUCCESSFULLY
4000  3.05.57           RAKF003I RAKF is now active
FFFF  3.05.57           RAKFPROF7  RAKF PROFILES UPDATED
FFFF  3.05.57           RAKFUIDS4  USER TABLE UPDATED
0000  3.05.57           IEF196I     1     //CMD1     JOB MSGLEVEL=1
0000  3.05.57           IEF196I     2     //STARTING EXEC CMD1
0000  3.05.57           IEF196I     3     XXCMD1   PROC  A=ASE0,
0000  3.05.57           IEF196I           XX             B='$',
0000  3.05.57           IEF196I           XX             C=CSK0,
0000  3.05.57           IEF196I           XX             D=DSD0,
0000  3.05.57           IEF196I           XX             E=ESS0,
0000  3.05.57           IEF196I           XX             F=FSF0,
0000  3.05.57           IEF196I           XX             G='$',
0000  3.05.57           IEF196I           XX             H=HSM0,
0000  3.05.57           IEF196I           XX             I=ISJ0,
0000  3.05.57           IEF196I           XX             J=JSL0,
0000  3.05.57           IEF196I           XX             K='$',
0000  3.05.57           IEF196I           XX             L=LSC0,
0000  3.05.57           IEF196I           XX             M=MSO0,
0000  3.05.57           IEF196I           XX             N=NSA0,
0000  3.05.57           IEF196I           XX             O=OSR0,
0000  3.05.57           IEF196I           XX             P=PSP0,
0000  3.05.57           IEF196I           XX             Q=QSQ0,
0000  3.05.57           IEF196I           XX             R=RSG0,
0000  3.05.57           IEF196I           XX             S=SSH0,
0000  3.05.57           IEF196I           XX             T=TSN0,
0000  3.05.57           IEF196I           XX             U='$',
0000  3.05.57           IEF196I           XX             V=VSI0,
0000  3.05.57           IEF196I           XX             W='$',
0000  3.05.57           IEF196I           XX             X='$',
0000  3.05.57           IEF196I           XX             Y='$',
0000  3.05.57           IEF196I           XX             Z=ZSZ0
0000  3.05.57           IEF196I     4     XXCMD1  EXEC PGM=CMDSBINT,TIME=1440,DPRTY=(15,10),
0000  3.05.57           IEF196I           XX
0000  3.05.57           IEF196I PARM='&A&B&C&D&E&F&G&H&I&J&K&L&M&N&O&P&Q&R&S&T&U&V&W&X&Y&Z'
0000  3.05.57           IEF196I  STMT NO. MESSAGE
0000  3.05.57           IEF196I -
0000  3.05.57           IEF196I     4     IEF653I SUBSTITUTION JCL -
0000  3.05.57           IEF196I PARM='ASE0$CSK0DSD0ESS0FSF0$HSM0ISJ0JSL0$LSC0MSO0NSA0OSR0PSP0QSQ
0000  3.05.57           IEF196I 0RSG0SSH0TSN0$VSI0$$$ZSZ0'
0000  3.05.57           IEF196I           ***CSC#ASYS  DD  DUMMY
0000  3.05.57           IEF196I           ***CSC#BSYS  DD  DUMMY
0000  3.05.57           IEF196I           ***CSC#CSYS  DD  DUMMY
0000  3.05.57           IEF196I           ***CSCDATA   DD  DSN=SYS1.SYSTEM.CMDSBSYS.CSCDATA,
0000  3.05.57           IEF196I DISP=SHR
0000  3.05.57           IEF196I           ***
0000  3.05.57           IEF196I           ***      WHERE  -    FOR CSC#.... REPLACE .... WITH
0000  3.05.57           IEF196I SMF SYSID OF ONE
0000  3.05.57           IEF196I           ***                  OF THE SYSTEMS USING
0000  3.05.57           IEF196I CROSS-SYSTEM COMMANDS.
0000  3.05.57           IEF196I           ***                  AS MANY CSC#.... DD CARDS AS
0000  3.05.57           IEF196I NECESSARY MAY EXIST.
0000  3.05.57           IEF196I           ***
0000  3.05.57           IEF196I IEF236I ALLOC. FOR CMD1 CMD1
0000  3.05.57           IEF196I     1     //JES2     JOB MSGLEVEL=1
0000  3.05.57           IEF196I     2     //STARTING EXEC JES2,PARM='WARM,NOREQ'
0000  3.05.57           IEF196I     3     XXJES2    PROC M=JES2PARM,
0000  3.05.57           IEF196I           XX             M2=STARTSTD,
0000  3.05.57           IEF196I           XX             N=SYS1,
0000  3.05.57           IEF196I           XX             L=LINKLIB,
0000  3.05.57           IEF196I           XX             U=3350,
0000  3.05.57           IEF196I           XX             N1=SYS1,
0000  3.05.57           IEF196I           XX             P0=SYS1,
0000  3.05.57           IEF196I           XX             P1=SYS2,
0000  3.05.57           IEF196I           XX             P2=SYS1,
0000  3.05.57           IEF196I           XX             P=JES2PARM
0000  3.05.57           IEF196I     4     XXIEFPROC EXEC PGM=HASJES20,
0000  3.05.57           IEF196I           XX             TIME=1440,
0000  3.05.57           IEF196I           XX             DPRTY=(15,15)
0000  3.05.57           IEF196I     5     XXSTEPLIB  DD  UNIT=&U,DISP=SHR,DSN=&N..&L
0000  3.05.57           IEF196I  STMT NO. MESSAGE
0000  3.05.57           IEF196I -
0000  3.05.57           IEF196I     5     IEF653I SUBSTITUTION JCL - UNIT=3350,DISP=SHR,
0000  3.05.57           IEF196I DSN=SYS1.LINKLIB
0000  3.05.57           IEF196I     6     XXPROC00   DD  DSN=&P0..PROCLIB,DISP=SHR
0000  3.05.57           IEF196I     6     IEF653I SUBSTITUTION JCL - DSN=SYS1.PROCLIB,DISP=SHR
0000  3.05.57           IEF196I     7     XX         DD  DSN=&P1..PROCLIB,DISP=SHR
0000  3.05.57           IEF196I     7     IEF653I SUBSTITUTION JCL - DSN=SYS2.PROCLIB,DISP=SHR
0000  3.05.57           IEF196I     8     XX         DD  DSN=&P2..PROCLIB,DISP=SHR
0000  3.05.57           IEF196I     8     IEF653I SUBSTITUTION JCL - DSN=SYS1.PROCLIB,DISP=SHR
0000  3.05.57           IEF196I     9     XXIEF0PDSI DD  DSN=&P0..PROCLIB,DISP=SHR
0000  3.05.57           IEF196I     9     IEF653I SUBSTITUTION JCL - DSN=SYS1.PROCLIB,DISP=SHR
0000  3.05.57           IEF196I    10     XX         DD  DSN=&P1..PROCLIB,DISP=SHR
0000  3.05.57           IEF196I    10     IEF653I SUBSTITUTION JCL - DSN=SYS2.PROCLIB,DISP=SHR
0000  3.05.57           IEF196I    11     XX         DD  DSN=&P2..PROCLIB,DISP=SHR
0000  3.05.57           IEF196I    11     IEF653I SUBSTITUTION JCL - DSN=SYS1.PROCLIB,DISP=SHR
0000  3.05.57           IEF196I    12     XXIEF1PDSI DD  DSN=&P0..PROCLIB,DISP=SHR
0000  3.05.57           IEF196I    12     IEF653I SUBSTITUTION JCL - DSN=SYS1.PROCLIB,DISP=SHR
0000  3.05.57           IEF196I    13     XX         DD  DSN=&P1..PROCLIB,DISP=SHR
0000  3.05.57           IEF196I    13     IEF653I SUBSTITUTION JCL - DSN=SYS2.PROCLIB,DISP=SHR
0000  3.05.57           IEF196I    14     XX         DD  DSN=&P2..PROCLIB,DISP=SHR
0000  3.05.57           IEF196I    14     IEF653I SUBSTITUTION JCL - DSN=SYS1.PROCLIB,DISP=SHR
0000  3.05.57           IEF196I    15     XXHASPPARM DD  DSN=&N1..&P(&M),DISP=SHR
0000  3.05.57           IEF196I    15     IEF653I SUBSTITUTION JCL -
0000  3.05.57           IEF196I DSN=SYS1.JES2PARM(JES2PARM),DISP=SHR
0000  3.05.57           IEF196I    16     XX         DD  DSN=&N1..&P(&M2),DISP=SHR
0000  3.05.57           IEF196I    16     IEF653I SUBSTITUTION JCL -
0000  3.05.57           IEF196I DSN=SYS1.JES2PARM(STARTSTD),DISP=SHR
0000  3.05.57           IEF196I    17     XXHASPLIST DD  DDNAME=IEFRDER
4000  3.05.57           IEF677I WARNING MESSAGE(S) FOR JOB JES2     ISSUED
0000  3.05.57           IEF196I    17     IEF686I DDNAME REFERRED TO ON DDNAME KEYWORD IN PRIOR
0000  3.05.57           IEF196I STEP WAS NOT RESOLVED
0000  3.05.57           IEF196I IEF236I ALLOC. FOR JES2 JES2
0000  3.05.57           IEF196I IEF237I 390  ALLOCATED TO STEPLIB
0000  3.05.57           IEF196I IEF237I 390  ALLOCATED TO PROC00
0000  3.05.57           IEF196I IEF237I 390  ALLOCATED TO
0000  3.05.57           IEF196I IEF237I 390  ALLOCATED TO
0000  3.05.57           IEF196I IEF237I 390  ALLOCATED TO IEF0PDSI
0000  3.05.57           IEF196I IEF237I 390  ALLOCATED TO
0000  3.05.57           IEF196I IEF237I 390  ALLOCATED TO
0000  3.05.57           IEF196I IEF237I 390  ALLOCATED TO IEF1PDSI
0000  3.05.57           IEF196I IEF237I 390  ALLOCATED TO
0000  3.05.57           IEF196I IEF237I 390  ALLOCATED TO
0000  3.05.57           IEF196I IEF237I 390  ALLOCATED TO HASPPARM
0000  3.05.57           IEF196I IEF237I 390  ALLOCATED TO
0000  3.05.57           IEF196I IEF237I DMY  ALLOCATED TO HASPLIST
0000  3.05.58           IEF196I IEF237I 249  ALLOCATED TO $$CKPT
FFFF  3.05.58           $HASP493 JES2  WARM-START IS IN PROGRESS
0000  3.05.58           IEF196I $HASP493 JES2  WARM-START IS IN PROGRESS
0000  3.05.58           IEF196I IEF237I 249  ALLOCATED TO $SPOOL0
0000  3.05.58           IEF196I IEF237I 00C  ALLOCATED TO READER1
0000  3.05.58           IEF196I IEF237I 00D  ALLOCATED TO PUNCH1
FFFF  3.05.58           $HASP412 MAXIMUM OF 1   READER(S)  EXCEEDED
0000  3.05.58           IEF196I $HASP412 MAXIMUM OF 1   READER(S)  EXCEEDED
FFFF  3.05.58           $HASP412 MAXIMUM OF 1   PUNCH(ES)  EXCEEDED
0000  3.05.58           IEF196I $HASP412 MAXIMUM OF 1   PUNCH(ES)  EXCEEDED
FFFF  3.05.58           $HASP412 MAXIMUM OF 3   PRINTER(S) EXCEEDED
0000  3.05.58           IEF196I $HASP412 MAXIMUM OF 3   PRINTER(S) EXCEEDED
C000  3.05.58           $HASP406 STC   73 WAS EXECUTING
C000  3.05.58           $HASP406 STC   74 WAS EXECUTING
C000  3.05.58           $HASP406 STC   75 WAS EXECUTING
C000  3.05.58           $HASP406 TSU    4 WAS EXECUTING
C000  3.05.58           $HASP406 STC   60 WAS EXECUTING
C000  3.05.58           $HASP406 STC   61 WAS EXECUTING
C000  3.05.58           $HASP406 STC   62 WAS EXECUTING
C000  3.05.58           $HASP406 STC   63 WAS EXECUTING
C000  3.05.58           $HASP406 STC   64 WAS EXECUTING
4000  3.05.58           IEE041I THE SYSTEM LOG IS NOW ACTIVE
C000  3.05.58           $HASP406 STC   65 WAS EXECUTING
0000  3.05.58           S INIT.INIT,,,JES2
0000  3.05.58           S INIT.INIT,,,JES2
0000  3.05.58           S INIT.INIT,,,JES2
0000  3.05.58           S INIT.INIT,,,JES2
0000  3.05.58           S INIT.INIT,,,JES2
0000  3.05.58           S INIT.INIT,,,JES2
0000  3.05.58           S BSPSETPF,PARM=NOREPLYU
0004  3.05.58           $HASP000 ID 1    T=**.** I=  30 $VS,'F BSPPILOT,SCRIPT=STARTSTD'
0000  3.05.58           F BSPPILOT,SCRIPT=STARTSTD
0000  3.05.58           IEE341I BSPPILOT NOT ACTIVE
C000  3.05.58           $HASP406 STC   66 WAS EXECUTING
C000  3.05.58           $HASP406 STC   67 WAS EXECUTING
C000  3.05.58           $HASP406 STC   70 WAS EXECUTING
C000  3.05.58           $HASP406 STC   71 WAS EXECUTING
C000  3.05.58           $HASP406 STC   72 WAS EXECUTING
0200  3.05.58           $HASP160 PUNCH1   INACTIVE - CLASS=B
0200  3.05.58 STC   78  $HASP100 BSPPILOT ON STCINRDR
0200  3.05.58 STC   79  $HASP100 INIT     ON STCINRDR
4000  3.05.58 STC   78  $HASP373 BSPPILOT STARTED
4000  3.05.58 STC   79  $HASP373 INIT     STARTED
0200  3.05.58 STC   80  $HASP100 INIT     ON STCINRDR
0200  3.05.58 STC   81  $HASP100 INIT     ON STCINRDR
4000  3.05.58 STC   80  $HASP373 INIT     STARTED
4000  3.05.58 STC   81  $HASP373 INIT     STARTED
0200  3.05.58 STC   82  $HASP100 INIT     ON STCINRDR
0200  3.05.58 STC   83  $HASP100 INIT     ON STCINRDR
4000  3.05.58 STC   82  $HASP373 INIT     STARTED
4000  3.05.58 STC   83  $HASP373 INIT     STARTED
0200  3.05.58 STC   84  $HASP100 INIT     ON STCINRDR
0200  3.05.58 STC   85  $HASP100 BSPSETPF ON STCINRDR
4000  3.05.58 STC   84  $HASP373 INIT     STARTED
C000  3.05.58           $HASP309    INIT  1 INACTIVE ******** C=A
4000  3.05.58 STC   85  $HASP373 BSPSETPF STARTED
C000  3.05.58           $HASP309    INIT  2 INACTIVE ******** C=BA
C000  3.05.58           $HASP309    INIT  3 INACTIVE ******** C=HBA
C000  3.05.58           $HASP309    INIT  4 INACTIVE ******** C=SHB
C000  3.05.58           $HASP309    INIT  5 INACTIVE ******** C=SBA
C000  3.05.58           $HASP309    INIT  6 INACTIVE ******** C=SC
FFFF  3.05.58 STC   85  BSPSP91I - Parms passed: NOREPLYU
FFFF  3.05.58 STC   85  BSPSP93I - PFK definitions will be updated in memory
FFFF  3.05.58 STC   85  BSPSP22I - Dataset processed: SYS1.PARMLIB
FFFF  3.05.58 STC   85  BSPSP23I - on volume TK5RES
FFFF  3.05.58 STC   85  BSPSP21I - Member being processed: SETPFK01
FFFF  3.05.58 STC   85  +BSPSP98I - Member processed, LASTCC=0000
FFFF  3.05.58 STC   85  +BSPSP21I - Member being processed: SETPFK02
FFFF  3.05.59 STC   85  +BSPSP98I - Member processed, LASTCC=0000
FFFF  3.05.59 STC   85  +BSPSP99I - End of processing, MAXRC=0000
4000  3.05.59 STC   85  $HASP395 BSPSETPF ENDED
4000  3.06.00           IEE136I LOCAL: TIME=03.06.00 DATE=2026.157  UTC: TIME=02.06.00 DATE=2026.157
0000  3.06.00           D T
0000  3.06.28           F BSPPILOT,SCRIPT=STARTSTD
FFFF  3.06.28 STC   78  +BSPPILOT - Running script STARTSTD
FFFF  3.06.28 STC   78  +BSPRS22I - Dataset processed: SYS1.PARMLIB
FFFF  3.06.28 STC   78  +BSPRS23I - on volume TK5RES
FFFF  3.06.28 STC   78  +BSPRS08I - PARM NOECHO
0000  3.06.28 STC   78  $CA,ALL
0004  3.06.28           $HASP000 OK
0000  3.06.28 STC   78  V 480,ONLINE
0000  3.06.28           IEE302I 480      ONLINE
0000  3.06.28 STC   78  MN JOBNAMES,T
0000  3.06.28 STC   78  MN SESS,T
0000  3.06.28 STC   78  S DYNAMASK
0200  3.06.28 STC   86  $HASP100 DYNAMASK ON STCINRDR
4000  3.06.28 STC   86  $HASP373 DYNAMASK STARTED
4000  3.06.28 STC   86  IEF403I DYNAMASK - STARTED - TIME=03.06.28
4020  3.06.28 STC   86  DMSK00I DYNAMASK DONE ****
4020  3.06.28 STC   86  DMSK06I  START
4000  3.06.28 STC   86  $HASP395 DYNAMASK ENDED
4000  3.06.28 STC   86  IEF404I DYNAMASK - ENDED - TIME=03.06.28
0000  3.06.30 STC   78  S NET
0200  3.06.30 STC   87  $HASP100 NET      ON STCINRDR
0000  3.06.30 STC   78  S TP
4000  3.06.30 STC   87  $HASP373 NET      STARTED
4000  3.06.30 STC   87  IEF403I NET - STARTED - TIME=03.06.30
0200  3.06.30 STC   88  $HASP100 TP       ON STCINRDR
4000  3.06.30 STC   88  $HASP373 TP       STARTED
4000  3.06.30 STC   88  IEF403I TP - STARTED - TIME=03.06.30
0000  3.06.30 STC   78  S MF1.MF1
0200  3.06.31 STC   89  $HASP100 MF1      ON STCINRDR
4000  3.06.31 STC   89  $HASP373 MF1      STARTED
4000  3.06.31 STC   89  IEF403I MF1 - STARTED - TIME=03.06.31
0000  3.06.31 STC   78  $SA,ALL
0004  3.06.31           $HASP000 OK
0000  3.06.31 STC   78  $TA,I=3600,'$SI1-I4'
0004  3.06.31           $HASP000 ID 2    T=**.** I=3600 $SI1-I4
0004  3.06.31           $HASP000 OK
0000  3.06.31 STC   78  $TOSC1,D=J
0004  3.06.31           $HASP000 OK
4000  3.06.31 STC   87  IST025I  BLDL FAILED FOR IEDIAE   IN VTAMLIB
4000  3.06.31 STC   87  IST025I  BLDL FAILED FOR IEDIAE   IN VTAMLIB
4000  3.06.31 STC   89  IRB100I MF/1 IS ACTIVE
4000  3.06.31 STC   87  IST025I  BLDL FAILED FOR IEDIAE   IN VTAMLIB
4000  3.06.31 STC   87  IST025I  BLDL FAILED FOR IEDIAE   IN VTAMLIB
4000  3.06.31 STC   87  IST025I  BLDL FAILED FOR IEDIAK   IN VTAMLIB
4000  3.06.31 STC   87  IST025I  BLDL FAILED FOR IEDIAK   IN VTAMLIB
0000  3.06.31 STC   78  $TOSC2,D=J
0004  3.06.31           $HASP000 OK
4000  3.06.31 STC   87  IST110I  NETWORK SOLICITOR STARTED
0000  3.06.31 STC   78  $TOSC3,D=T
0004  3.06.31           $HASP000 OK
0000  3.06.31 STC   78  $TOSC4,D=T
0004  3.06.31           $HASP000 OK
0000  3.06.31 STC   78  $SRDR1
0004  3.06.31           $HASP000 OK
0000  3.06.31 STC   78  $SPRT1
4200  3.06.31           IEF236I ALLOC. FOR JES2 JES2
4200  3.06.31           IEF237I 00E  ALLOCATED TO PRINTER1
0000  3.06.31           IEF196I IEF237I 00E  ALLOCATED TO PRINTER1
0004  3.06.31           $HASP000 OK
0200  3.06.31 STC   73  $HASP150 TSO      ON PRINTER1
0000  3.06.31           $SPRT1
0200  3.06.31 STC   73 *$HASP190 TSO      SETUP -- PRINTER1 -- F = 0001 -- C = 6    -- T = QN
0004  3.06.31           $HASP000 OK
0200  3.06.31 STC   72  $HASP150 MF1      ON PRINTER1
0200  3.06.31           $HASP185 PRINTER1 TERMINATED
0200  3.06.31 STC   89  $HASP150 MF1      ON PRINTER1        13 LINES
0200  3.06.31           $HASP160 PRINTER1 INACTIVE - CLASS=A
4000  3.06.31 STC   87  IST093I  ATSO     ACTIVE
0000  3.06.31 STC   78  $SPRT2
4200  3.06.31           IEF236I ALLOC. FOR JES2 JES2
4200  3.06.31           IEF237I 00F  ALLOCATED TO PRINTER2
0000  3.06.31           IEF196I IEF237I 00F  ALLOCATED TO PRINTER2
0004  3.06.31           $HASP000 OK
0200  3.06.31 STC   73  $HASP150 TSO      ON PRINTER2        11 LINES
0000  3.06.31           $SPRT2
0200  3.06.31 STC   73 *$HASP190 TSO      SETUP -- PRINTER2 -- F = 0001 -- C = 6    -- T = QN
0004  3.06.31           $HASP000 OK
0200  3.06.31 STC   73  $HASP250 TSO      IS PURGED
0200  3.06.31 STC   74  $HASP150 SNASOL   ON PRINTER2         7 LINES
0200  3.06.31 STC   74  $HASP250 SNASOL   IS PURGED
0200  3.06.31 STC   75  $HASP150 JRP      ON PRINTER2        30 LINES
0200  3.06.31 STC   75  $HASP250 JRP      IS PURGED
0200  3.06.31 TSU    4  $HASP150 HERC01   ON PRINTER2        27 LINES
0200  3.06.31           $HASP185 PRINTER2 TERMINATED
0200  3.06.31 TSU    4  $HASP250 HERC01   IS PURGED
0200  3.06.31 STC   61  $HASP150 BSPPILOT ON PRINTER2         9 LINES
0200  3.06.31 STC   61  $HASP250 BSPPILOT IS PURGED
0200  3.06.31 STC   62  $HASP150 INIT     ON PRINTER2         5 LINES
0200  3.06.32 STC   62  $HASP250 INIT     IS PURGED
0200  3.06.32 STC   63  $HASP150 INIT     ON PRINTER2         5 LINES
4000  3.06.32 STC   87  IST093I  ASTF     ACTIVE
0200  3.06.32 STC   63  $HASP250 INIT     IS PURGED
0200  3.06.32 STC   64  $HASP150 INIT     ON PRINTER2         5 LINES
0200  3.06.32 STC   64  $HASP250 INIT     IS PURGED
0200  3.06.32 STC   65  $HASP150 INIT     ON PRINTER2         5 LINES
0200  3.06.32 STC   65  $HASP250 INIT     IS PURGED
0200  3.06.32 STC   66  $HASP150 INIT     ON PRINTER2         5 LINES
0200  3.06.32 STC   66  $HASP250 INIT     IS PURGED
0200  3.06.32 STC   67  $HASP150 INIT     ON PRINTER2         5 LINES
0200  3.06.32 STC   70  $HASP150 NET      ON PRINTER2        10 LINES
0200  3.06.32 STC   67  $HASP250 INIT     IS PURGED
0200  3.06.32           $HASP185 PRINTER2 TERMINATED
0200  3.06.32 STC   70  $HASP250 NET      IS PURGED
0200  3.06.32 STC   71  $HASP150 TP       ON PRINTER2        31 LINES
0200  3.06.32 STC   71  $HASP250 TP       IS PURGED
0200  3.06.32 STC   72  $HASP150 MF1      ON PRINTER2         7 LINES
4000  3.06.32 STC   87  IST093I  ARPF     ACTIVE
0200  3.06.32 STC   72  $HASP250 MF1      IS PURGED
0200  3.06.32 STC   85  $HASP150 BSPSETPF ON PRINTER2        32 LINES
0200  3.06.32 STC   85  $HASP250 BSPSETPF IS PURGED
0200  3.06.32 STC   86  $HASP150 DYNAMASK ON PRINTER2        28 LINES
0200  3.06.32           $HASP160 PRINTER2 INACTIVE - CLASS=Z
0200  3.06.32 STC   86  $HASP250 DYNAMASK IS PURGED
0000  3.06.32 STC   78  $SPRT3
4200  3.06.32           IEF236I ALLOC. FOR JES2 JES2
4200  3.06.32           IEF237I 002  ALLOCATED TO PRINTER3
0000  3.06.32           IEF196I IEF237I 002  ALLOCATED TO PRINTER3
0004  3.06.32           $HASP000 OK
0200  3.06.32           $HASP160 PRINTER3 INACTIVE - CLASS=X
0000  3.06.32 STC   78  $SLINE1
0000  3.06.32           IEF196I IEF237I 670  ALLOCATED TO LINE1
0004  3.06.32           $HASP000 OK
0000  3.06.32 STC   78  $SLINE2
0000  3.06.32           IEF196I IEF237I 671  ALLOCATED TO LINE2
0004  3.06.32           $HASP000 OK
0000  3.06.32 STC   78  $SLINE3
0000  3.06.32           IEF196I IEF237I 672  ALLOCATED TO LINE3
0004  3.06.32           $HASP000 OK
4000  3.06.32 STC   87  IST093I  AICOM    ACTIVE
0000  3.06.32 STC   78  $SLINE4
0000  3.06.32           IEF196I IEF237I 673  ALLOCATED TO LINE4
0004  3.06.32           $HASP000 OK
0000  3.06.32 STC   78  $SPUNCH1
0004  3.06.32           $HASP000 OK
4000  3.06.32 STC   87  IST093I  ASNASOL  ACTIVE
4000  3.06.32 STC   87  IST093I  AJRP     ACTIVE
4000  3.06.32 STC   87  IST093I  L3274    ACTIVE
4040  3.06.32 STC   87  IEA000I 0C0,IOE,05,0200,400000000001,,,NET     ,03.06.32
4040  3.06.32 STC   87  IEA000I 0C1,IOE,05,0200,400000000001,,,NET     ,03.06.32
4000  3.06.32 STC   87  IST093I  L3791    ACTIVE
4040  3.06.32 STC   87  IEA000I 0C2,IOE,05,0200,400000000001,,,NET     ,03.06.32
4040  3.06.32 STC   87  IEA000I 0C3,IOE,05,0200,400000000001,,,NET     ,03.06.32
4000  3.06.32 STC   87  IST093I  S3705    ACTIVE
4040  3.06.32 STC   87  IEA000I 0C4,IOE,05,0200,400000000001,,,NET     ,03.06.32
4040  3.06.32 STC   87  IEA000I 0C5,IOE,05,0200,400000000001,,,NET     ,03.06.32
4040  3.06.32 STC   87  IEA000I 0C6,IOE,05,0200,400000000001,,,NET     ,03.06.32
4000  3.06.33 STC   87  IFL003I  IFLOADRN COMPLETED
4000  3.06.33 STC   87  IST270I  370X N07      NOW LOADED WITH LOADMOD N07
0000  3.06.33 STC   87  S TSO
0200  3.06.33 STC   90  $HASP100 TSO      ON STCINRDR
4000  3.06.33 STC   87  IST020I  VTAM INITIALIZATION COMPLETE
4000  3.06.33 STC   90  $HASP373 TSO      STARTED
4000  3.06.33 STC   90  IEF403I TSO - STARTED - TIME=03.06.33
8100  3.06.33 STC   90  IKT007I TCAS ACCEPTING LOGONS
8100  3.06.33 STC   90  IKT005I TCAS IS INITIALIZED
0000  3.06.34 STC   78  F TP,TS=START
4000  3.06.34 STC   88  IKJ019I TIME SHARING IS INITIALIZED
0000  3.06.36 STC   78  S SNASOL
0200  3.06.36 STC   91  $HASP100 SNASOL   ON STCINRDR
0000  3.06.36 STC   78  S JRP
0200  3.06.36 STC   92  $HASP100 JRP      ON STCINRDR
4000  3.06.36 STC   91  $HASP373 SNASOL   STARTED
4000  3.06.36 STC   91  IEF403I SNASOL - STARTED - TIME=03.06.36
4000  3.06.36 STC   92  $HASP373 JRP      STARTED
4000  3.06.36 STC   92  IEF403I JRP - STARTED - TIME=03.06.36
0020  3.06.36 STC   91  +SNASOL - APPLICATION SNASOL   IS UP
FFFF  3.06.36 STC   92  JRPI101 INITIALIZATION COMPLETE
FFFF  3.06.36 STC   92  JRP904I - JRP WAITING FOR COMMAND.
4000  3.06.38 STC   87  IFL003I  IFLOADRN COMPLETED
4000  3.06.38 STC   87  IST270I  370X N10      NOW LOADED WITH LOADMOD N10
4000  3.06.38 STC   87  IST093I  N07      ACTIVE
4000  3.06.38 STC   87  IST093I  N07P3    ACTIVE
4000  3.06.38 STC   87  IST093I  N08      ACTIVE
4000  3.06.43 STC   87  IFL003I  IFLOADRN COMPLETED
4000  3.06.43 STC   87  IST270I  370X N12      NOW LOADED WITH LOADMOD N12
4000  3.06.43 STC   87  IST093I  N10      ACTIVE
4000  3.06.43 STC   87  IST093I  N10P3    ACTIVE
4000  3.06.43 STC   87  IST093I  N11      ACTIVE
4000  3.06.48 STC   87  IFL003I  IFLOADRN COMPLETED
4000  3.06.48 STC   87  IST270I  370X N14      NOW LOADED WITH LOADMOD N14
4000  3.06.48 STC   87  IST093I  N12      ACTIVE
4000  3.06.48 STC   87  IST093I  N12P3    ACTIVE
4000  3.06.48 STC   87  IST093I  N13      ACTIVE
4000  3.06.53 STC   87  IST093I  N14      ACTIVE
4000  3.06.53 STC   87  IST093I  N14P3    ACTIVE
4000  3.06.53 STC   87  IST093I  N15      ACTIVE
0000  3.06.56 STC   78  V NET,ACT,ID=T3767S11,LOGON=SNASOL,LOGMODE=INTERACT
4000  3.06.56 STC   87  IST097I  VARY     ACCEPTED
4000  3.06.56 STC   87  IST093I  T3767S11 ACTIVE
0000  3.06.56 STC   78  V NET,ACT,ID=T3767S21,LOGON=SNASOL,LOGMODE=INTERACT
4000  3.06.56 STC   87  IST097I  VARY     ACCEPTED
4000  3.06.56 STC   87  IST093I  T3767S21 ACTIVE
0000  3.06.56 STC   78  V NET,ACT,ID=T3767S31,LOGON=SNASOL,LOGMODE=INTERACT
4000  3.06.56 STC   87  IST097I  VARY     ACCEPTED
4000  3.06.56 STC   87  IST093I  T3767S31 ACTIVE
0000  3.06.56 STC   78  V NET,ACT,ID=T3767S41,LOGON=SNASOL,LOGMODE=INTERACT
4000  3.06.56 STC   87  IST097I  VARY     ACCEPTED
4000  3.06.56 STC   87  IST093I  T3767S41 ACTIVE
0000  3.06.56 STC   78  V NET,ACT,ID=T3278S11,LOGON=SNASOL,LOGMODE=MHP3278E
4000  3.06.56 STC   87  IST097I  VARY     ACCEPTED
4000  3.06.56 STC   87  IST093I  T3278S11 ACTIVE
0000  3.06.56 STC   78  V NET,ACT,ID=T3278S21,LOGON=SNASOL,LOGMODE=MHP3278E
4000  3.06.56 STC   87  IST097I  VARY     ACCEPTED
4000  3.06.56 STC   87  IST093I  T3278S21 ACTIVE
0000  3.06.56 STC   78  V NET,ACT,ID=T3278S31,LOGON=SNASOL,LOGMODE=MHP3278E
4000  3.06.56 STC   87  IST097I  VARY     ACCEPTED
4000  3.06.56 STC   87  IST093I  T3278S31 ACTIVE
0000  3.06.56 STC   78  V NET,ACT,ID=T3278S41,LOGON=SNASOL,LOGMODE=MHP3278E
4000  3.06.56 STC   87  IST097I  VARY     ACCEPTED
4000  3.06.56 STC   87  IST093I  T3278S41 ACTIVE
0000  3.06.56 STC   78  V NET,ACT,ID=T3278L11,LOGON=SNASOL,LOGMODE=MHP3278E
4000  3.06.56 STC   87  IST097I  VARY     ACCEPTED
0000  3.06.56 STC   78  V NET,ACT,ID=T3278L21,LOGON=SNASOL,LOGMODE=MHP3278E
4000  3.06.56 STC   87  IST097I  VARY     ACCEPTED
0000  3.06.56 STC   78  V NET,ACT,ID=T3767L31,LOGON=SNASOL,LOGMODE=INTERACT
4000  3.06.56 STC   87  IST093I  T3278L11 ACTIVE
4000  3.06.56 STC   87  IST093I  T3278L21 ACTIVE
4000  3.06.56 STC   87  IST097I  VARY     ACCEPTED
0000  3.06.56 STC   78  V NET,ACT,ID=T3767L41,LOGON=SNASOL,LOGMODE=INTERACT
4000  3.06.56 STC   87  IST093I  T3767L31 ACTIVE
4000  3.06.56 STC   87  IST097I  VARY     ACCEPTED
4000  3.06.56 STC   87  IST093I  T3767L41 ACTIVE
0000  3.07.01 STC   78  F TP,LOAD=T07,T07
4020  3.07.01 STC   88  IED160I 3705 T07      LOAD=T07
0000  3.07.04 STC   78  F TP,LOAD=T10,T10
4020  3.07.04 STC   88  IED160I 3705 T10      LOAD=T10
0000  3.07.07 STC   78  F TP,LOAD=T12,T12
4020  3.07.07 STC   88  IED160I 3705 T12      LOAD=T12
0000  3.07.11 STC   78  F TP,LOAD=T14,T14
4020  3.07.11 STC   88  IED160I 3705 T14      LOAD=T14
0000  3.07.14 STC   78  F TP,ACTIV=T07
4020  3.07.15 STC   88  IED382I T07      ACTIVATE COMPLETE
0000  3.07.17 STC   78  F TP,ACTIV=T10
4020  3.07.18 STC   88  IED382I T10      ACTIVATE COMPLETE
0000  3.07.20 STC   78  F TP,ACTIV=T12
4020  3.07.21 STC   88  IED382I T12      ACTIVATE COMPLETE
0000  3.07.23 STC   78  F TP,ACTIV=T14
4020  3.07.24 STC   88  IED382I T14      ACTIVATE COMPLETE
0000  3.07.25 STC   78  S INISDSTD
0200  3.07.25 STC   93  $HASP100 INISDSTD ON STCINRDR
0000  3.07.25 STC   78  SE 'MVS038J MVS 3.8j TK5 system initialization complete',BRDCST
0000  3.07.25           MVS038J MVS 3.8j TK5 system initialization complete CN=00
4000  3.07.25 STC   93  $HASP373 INISDSTD STARTED
4000  3.07.25 STC   93  IEF403I INISDSTD - STARTED - TIME=03.07.25
FFFF  3.07.25 STC   78  +BSPRS99I - End of processing, MAXRC=0000
4000  3.07.25 STC   93  $HASP395 INISDSTD ENDED
4000  3.07.25 STC   93  IEF404I INISDSTD - ENDED - TIME=03.07.25
0200  3.07.25 STC   93  $HASP150 INISDSTD ON PRINTER2        21 LINES
0200  3.07.25           $HASP160 PRINTER2 INACTIVE - CLASS=Z
0200  3.07.25 STC   93  $HASP250 INISDSTD IS PURGED
0000  3.10.28 STC   90  LOGON
FFFF  3.10.28           LGN001I TSO logon in progress at VTAM terminal CUU0C0
4000  3.10.28           IEF170I 1 MSTRJCL  LGN001I TSO logon in progress at VTAM terminal CUU0C0
0200  3.10.56 TSU    5  $HASP100 HERC01   ON TSOINRDR
4000  3.10.56 TSU    5  $HASP373 HERC01   STARTED
4000  3.10.56 TSU    5  IEF125I HERC01 - LOGGED ON - TIME=03.10.56
0200  3.21.31 STC   89  $HASP150 MF1      ON PRINTER1       196 LINES
0200  3.21.31           $HASP160 PRINTER1 INACTIVE - CLASS=A
4000  3.21.31 STC   89  IRB101I MF/1 REPORT AVAILABLE FOR PRINTING
0200  3.31.52 JOB   18  $HASP100 HERC01C  ON INTRDR      COMPILE EXE
4000  3.31.53 JOB   18  IEF677I WARNING MESSAGE(S) FOR JOB HERC01C  ISSUED
4000  3.31.53 JOB   18  $HASP373 HERC01C  STARTED - INIT  1 - CLASS A - SYS TK5R
4000  3.31.53 JOB   18  IEF403I HERC01C - STARTED - TIME=03.31.53
0020  3.31.53 JOB   18  IEC130I SYSPUNCH DD STATEMENT MISSING
0020  3.31.53 JOB   18  IEC130I SYSPUNCH DD STATEMENT MISSING
0004  3.31.54 JOB   18  IEFACTRT - Stepname  Procstep  Program   Retcode
0004  3.31.54 JOB   18  HERC01C    COMPLINK  COB       IKFCBL00  RC= 0012
0004  3.31.54 JOB   18  HERC01C    COMPLINK  LKED      IEWL      *FLUSH*
4000  3.31.54 JOB   18  $HASP395 HERC01C  ENDED
4000  3.31.54 JOB   18  IEF404I HERC01C - ENDED - TIME=03.31.54
C000  3.31.54           $HASP309    INIT  1 INACTIVE ******** C=A
4100  3.32.27 TSU    5  IKT108I HERC01   RECEIVE ERROR,RPLRTNCD=04,RPLFDB2=03,SENSE=00000200,WAITING FOR RECONNECT CUU0C0
0000  3.32.32 STC   90  LOGON
FFFF  3.32.32           LGN001I TSO logon in progress at VTAM terminal CUU0C0
4000  3.32.32           IEF170I 1 MSTRJCL  LGN001I TSO logon in progress at VTAM terminal CUU0C0
4080  3.32.32           IKJ606I TSOLOGON REJECTED. USERID, HERC01,IN USE
0000  3.34.58           C U=HERC01
0000  3.34.58           IEE301I HERC01   CANCEL COMMAND ACCEPTED
4100  3.35.08           IKT108I          RECEIVE ERROR,RPLRTNCD=04,RPLFDB2=03,SENSE=00000200,WAITING FOR RECONNECT CUU0C0
0000  3.35.18 STC   90  LOGON
FFFF  3.35.19           LGN001I TSO logon in progress at VTAM terminal CUU0C0
4000  3.35.19           IEF170I 1 MSTRJCL  LGN001I TSO logon in progress at VTAM terminal CUU0C0
4080  3.35.19           IKJ606I TSOLOGON REJECTED. USERID, HERC01,IN USE
FFFF  3.35.21           LGN001I TSO logon in progress at VTAM terminal CUU0C0
4000  3.35.21           IEF170I 1 MSTRJCL  LGN001I TSO logon in progress at VTAM terminal CUU0C0
4000  3.35.27 TSU    5  IEF450I HERC01 ISPFTSO ISPLOGON - ABEND S222 U0000 - TIME=03.35.27
0004  3.35.27 TSU    5  IEFACTRT - Stepname  Procstep  Program   Retcode
4000  3.35.27 TSU    5  $HASP395 HERC01   ENDED
0200  3.35.27 TSU    5  $HASP150 HERC01   ON PRINTER2       249 LINES
0200  3.35.27           $HASP160 PRINTER2 INACTIVE - CLASS=Z
0200  3.35.27 TSU    5  $HASP250 HERC01   IS PURGED
0200  3.35.40 TSU    6  $HASP100 HERC01   ON TSOINRDR
4000  3.35.40 TSU    6  $HASP373 HERC01   STARTED
4000  3.35.40 TSU    6  IEF125I HERC01 - LOGGED ON - TIME=03.35.40
0200  3.36.31 STC   89  $HASP150 MF1      ON PRINTER1       199 LINES
4000  3.36.31 STC   89  IRB101I MF/1 REPORT AVAILABLE FOR PRINTING
0200  3.36.31           $HASP160 PRINTER1 INACTIVE - CLASS=A
0200  3.51.31 STC   89  $HASP150 MF1      ON PRINTER1       195 LINES
0200  3.51.31           $HASP160 PRINTER1 INACTIVE - CLASS=A
4000  3.51.31 STC   89  IRB101I MF/1 REPORT AVAILABLE FOR PRINTING
0000  3.52.33           IEE301I HERC01   CANCEL COMMAND ACCEPTED
0000  3.52.33           C U=HERC01
4000  3.52.33 TSU    6  IEF450I HERC01 ISPFTSO ISPLOGON - ABEND S222 U0000 - TIME=03.52.33
0004  3.52.33 TSU    6  IEFACTRT - Stepname  Procstep  Program   Retcode
4000  3.52.33 TSU    6  $HASP395 HERC01   ENDED
0200  3.52.33 TSU    6  $HASP150 HERC01   ON PRINTER2       224 LINES
0200  3.52.33           $HASP160 PRINTER2 INACTIVE - CLASS=Z
0200  3.52.33 TSU    6  $HASP250 HERC01   IS PURGED
4040  3.52.33 STC   87  IEA000I 0C0,IOE,0D,0200,4000000001E0,,,NET     ,03.52.33
4040  3.52.34 STC   87  IEA000I 0C0,IOE,05,0200,400000000001,,,NET     ,03.52.34
0000  3.52.50 STC   90  LOGON
FFFF  3.52.50           LGN001I TSO logon in progress at VTAM terminal CUU0C0
4000  3.52.50           IEF170I 1 MSTRJCL  LGN001I TSO logon in progress at VTAM terminal CUU0C0
FFFF  3.53.11           RAKF0004 INVALID ATTEMPT TO ACCESS SYSTEM:  USER:HERC01
4000  3.53.11           IEF170I 1 MSTRJCL  RAKF0004 INVALID ATTEMPT TO ACCESS SYSTEM:  USER:HERC
0200  3.53.22 TSU    7  $HASP100 HERC01   ON TSOINRDR
4000  3.53.22 TSU    7  $HASP373 HERC01   STARTED
4000  3.53.22 TSU    7  IEF125I HERC01 - LOGGED ON - TIME=03.53.22
0000  3.54.31           IEE301I HERC01   CANCEL COMMAND ACCEPTED
0000  3.54.31           C U=HERC01
4000  3.54.31 TSU    7  IEF450I HERC01 ISPFTSO ISPLOGON - ABEND S222 U0000 - TIME=03.54.31
0004  3.54.31 TSU    7  IEFACTRT - Stepname  Procstep  Program   Retcode
4000  3.54.31 TSU    7  $HASP395 HERC01   ENDED
0200  3.54.31 TSU    7  $HASP150 HERC01   ON PRINTER2       209 LINES
0200  3.54.31           $HASP160 PRINTER2 INACTIVE - CLASS=Z
0200  3.54.31 TSU    7  $HASP250 HERC01   IS PURGED
4040  3.54.31 STC   87  IEA000I 0C0,IOE,0D,0200,400000000029,,,NET     ,03.54.31
4040  3.54.31 STC   87  IEA000I 0C0,IOE,05,0200,400000000001,,,NET     ,03.54.31
0000  3.54.56 STC   90  LOGON
FFFF  3.54.56           LGN001I TSO logon in progress at VTAM terminal CUU0C0
4000  3.54.56           IEF170I 1 MSTRJCL  LGN001I TSO logon in progress at VTAM terminal CUU0C0
0200  3.55.09 TSU    8  $HASP100 HERC01   ON TSOINRDR
4000  3.55.09 TSU    8  $HASP373 HERC01   STARTED
4000  3.55.09 TSU    8  IEF125I HERC01 - LOGGED ON - TIME=03.55.09
0200  3.58.48 JOB   11  $HASP250 HERC01C  IS PURGED
0200  3.58.54 JOB   12  $HASP250 HERC01C  IS PURGED
0200  3.59.04 JOB   13  $HASP250 HERC01C  IS PURGED
0200  3.59.11 JOB   14  $HASP250 HERC01U  IS PURGED
0200  3.59.30 JOB    5  $HASP250 HERC01C  IS PURGED
0200  3.59.30 JOB    6  $HASP250 HERC01C  IS PURGED
0200  3.59.30 JOB    7  $HASP250 HERC01C  IS PURGED
0200  3.59.30 JOB    8  $HASP250 HERC01C  IS PURGED
0200  3.59.30 JOB    9  $HASP250 HERC01C  IS PURGED
0200  3.59.30 JOB   10  $HASP250 HERC01C  IS PURGED
0200  3.59.31 JOB   15  $HASP250 HERC01U  IS PURGED
0200  3.59.45 JOB   16  $HASP250 HERC01U  IS PURGED
0200  3.59.45 JOB   18  $HASP250 HERC01C  IS PURGED
0200  4.00.04 JOB   19  $HASP100 HERC01C  ON INTRDR      COMPILE EXE
4000  4.00.04 JOB   19  IEF677I WARNING MESSAGE(S) FOR JOB HERC01C  ISSUED
4000  4.00.04 JOB   19  $HASP373 HERC01C  STARTED - INIT  1 - CLASS A - SYS TK5R
4000  4.00.04 JOB   19  IEF403I HERC01C - STARTED - TIME=04.00.04
0004  4.00.05 JOB   19  IEFACTRT - Stepname  Procstep  Program   Retcode
0004  4.00.05 JOB   19  HERC01C    COMPLINK  COB       IKFCBL00  RC= 0004
0004  4.00.05 JOB   19  HERC01C    COMPLINK  LKED      IEWL      RC= 0000
4000  4.00.05 JOB   19  IEF404I HERC01C - ENDED - TIME=04.00.05
4000  4.00.05 JOB   19  $HASP395 HERC01C  ENDED
C000  4.00.05           $HASP309    INIT  1 INACTIVE ******** C=A
0200  4.06.31 STC   89  $HASP150 MF1      ON PRINTER1       199 LINES
4000  4.06.31 STC   89  IRB101I MF/1 REPORT AVAILABLE FOR PRINTING
0200  4.06.31           $HASP160 PRINTER1 INACTIVE - CLASS=A
0004  4.06.34           $HASP000 OK
0200  4.07.41 JOB   20  $HASP100 HERC01C  ON INTRDR      COMPILE EXE
4000  4.07.41 JOB   20  $HASP373 HERC01C  STARTED - INIT  1 - CLASS A - SYS TK5R
4000  4.07.41 JOB   20  IEF403I HERC01C - STARTED - TIME=04.07.41
0004  4.07.42 JOB   20  IEFACTRT - Stepname  Procstep  Program   Retcode
0004  4.07.42 JOB   20  HERC01C    COMPLINK  COB       IKFCBL00  RC= 0004
0004  4.07.43 JOB   20  HERC01C    COMPLINK  LKED      IEWL      RC= 0000
4000  4.07.43 JOB   20  $HASP395 HERC01C  ENDED
4000  4.07.43 JOB   20  IEF404I HERC01C - ENDED - TIME=04.07.43
C000  4.07.43           $HASP309    INIT  1 INACTIVE ******** C=A
0200  4.10.10 JOB   21  $HASP100 PRJ4JOB  ON INTRDR      ADRIEL BANCO
4000  4.10.10 JOB   21  IEF677I WARNING MESSAGE(S) FOR JOB PRJ4JOB  ISSUED
4000  4.10.10 JOB   21  $HASP373 PRJ4JOB  STARTED - INIT  1 - CLASS A - SYS TK5R
4000  4.10.10 JOB   21  IEF403I PRJ4JOB - STARTED - TIME=04.10.10
0004  4.10.10 JOB   21  IEFACTRT - Stepname  Procstep  Program   Retcode
0004  4.10.10 JOB   21  PRJ4JOB    COMPILE             IKFCBL00  *FLUSH*
4000  4.10.10 JOB   21  $HASP395 PRJ4JOB  ENDED
4000  4.10.10 JOB   21  IEF453I PRJ4JOB - JOB FAILED - JCL ERROR - TIME=04.10.10
C000  4.10.10           $HASP309    INIT  1 INACTIVE ******** C=A
0000  4.10.10           SE '$HASP165 JOB   21  PRJ4JOB ENDED- JCL ERROR',LOGON,USER=(HERC01)
0200  4.15.45 JOB   22  $HASP100 HERC01R  ON INTRDR      RUN PROGO4
4000  4.15.46 JOB   22  $HASP373 HERC01R  STARTED - INIT  1 - CLASS A - SYS TK5R
4000  4.15.46 JOB   22  IEF403I HERC01R - STARTED - TIME=04.15.46
0004  4.15.46 JOB   22  IEFACTRT - Stepname  Procstep  Program   Retcode
0004  4.15.46 JOB   22  HERC01R    SORTSTEP            SORT      *FLUSH*
4000  4.15.46 JOB   22  $HASP395 HERC01R  ENDED
4000  4.15.46 JOB   22  IEF453I HERC01R - JOB FAILED - JCL ERROR - TIME=04.15.46
C000  4.15.46           $HASP309    INIT  1 INACTIVE ******** C=A
0000  4.15.46           SE '$HASP165 JOB   22  HERC01R ENDED- JCL ERROR',LOGON,USER=(HERC01)
0200  4.17.09 JOB   23  $HASP100 HERC01R  ON INTRDR      RUN PROGO4
4000  4.17.09 JOB   23  $HASP373 HERC01R  STARTED - INIT  1 - CLASS A - SYS TK5R
4000  4.17.09 JOB   23  IEF403I HERC01R - STARTED - TIME=04.17.09
0004  4.17.09 JOB   23  IEFACTRT - Stepname  Procstep  Program   Retcode
0004  4.17.09 JOB   23  HERC01R    SORTSTEP            SORT      *FLUSH*
4000  4.17.09 JOB   23  $HASP395 HERC01R  ENDED
4000  4.17.09 JOB   23  IEF453I HERC01R - JOB FAILED - JCL ERROR - TIME=04.17.09
C000  4.17.09           $HASP309    INIT  1 INACTIVE ******** C=A
0000  4.17.09           SE '$HASP165 JOB   23  HERC01R ENDED- JCL ERROR',LOGON,USER=(HERC01)
0200  4.21.31 STC   89  $HASP150 MF1      ON PRINTER1       198 LINES
4000  4.21.31 STC   89  IRB101I MF/1 REPORT AVAILABLE FOR PRINTING
0200  4.21.31           $HASP160 PRINTER1 INACTIVE - CLASS=A
0200  4.21.34 JOB   24  $HASP100 HERC01R  ON INTRDR      RUN PROGO4
4000  4.21.34 JOB   24  $HASP373 HERC01R  STARTED - INIT  1 - CLASS A - SYS TK5R
4000  4.21.34 JOB   24  IEF403I HERC01R - STARTED - TIME=04.21.34
0020  4.21.35 JOB   24  IEC130I SORTLIB  DD STATEMENT MISSING
4000  4.21.35 JOB   24  IEF450I HERC01R SORTSTEP - ABEND S000 U0063 - TIME=04.21.35
0004  4.21.35 JOB   24  IEFACTRT - Stepname  Procstep  Program   Retcode
0004  4.21.35 JOB   24  HERC01R    SORTSTEP            SORT      AB U0063
0004  4.21.35 JOB   24  HERC01R    RUNSTEP             PROGO4    *FLUSH*
4000  4.21.35 JOB   24  $HASP395 HERC01R  ENDED
4000  4.21.35 JOB   24  IEF404I HERC01R - ENDED - TIME=04.21.35
C000  4.21.35           $HASP309    INIT  1 INACTIVE ******** C=A
0000  4.21.35           SE '$HASP165 JOB   24  HERC01R ENDED- ABENDED  USER 0063  ',LOGON,USER=(HERC01)
0200  4.22.19 JOB   19  $HASP250 HERC01C  IS PURGED
0200  4.22.19 JOB   20  $HASP250 HERC01C  IS PURGED
0200  4.22.19 JOB   21  $HASP250 PRJ4JOB  IS PURGED
0200  4.22.19 JOB   22  $HASP250 HERC01R  IS PURGED
0200  4.26.41 JOB   25  $HASP100 HERC01R  ON INTRDR      RUN PROGO4
4000  4.26.41 JOB   25  $HASP373 HERC01R  STARTED - INIT  1 - CLASS A - SYS TK5R
4000  4.26.41 JOB   25  IEF403I HERC01R - STARTED - TIME=04.26.41
0004  4.26.41 JOB   25  IEFACTRT - Stepname  Procstep  Program   Retcode
0004  4.26.41 JOB   25  HERC01R    SORTSTEP            SORT      RC= 0000
0020  4.26.42 JOB   25  IEC020I 001-4,HERC01R,RUNSTEP,ENTRADA,293,WORK04,
0020  4.26.42 JOB   25  IEC020I SYS26157.T042641.RA000.HERC01R.CONTASRT
0020  4.26.42 JOB   25  IEC020I DCB EROPT=ABE OR AN INVALID CODE, AND/OR NO SYNAD EXIT SPECIFIED
4000  4.26.42 JOB   25  IEF450I HERC01R RUNSTEP - ABEND S001 U0000 - TIME=04.26.42
0004  4.26.42 JOB   25  HERC01R    RUNSTEP             PROGO4    AB S001
4000  4.26.42 JOB   25  $HASP395 HERC01R  ENDED
4000  4.26.42 JOB   25  IEF404I HERC01R - ENDED - TIME=04.26.42
C000  4.26.42           $HASP309    INIT  1 INACTIVE ******** C=A
0000  4.26.42           SE '$HASP165 JOB   25  HERC01R ENDED- ABENDED  SYSTEM 001 ',LOGON,USER=(HERC01)
0200  4.27.22 JOB   26  $HASP100 HERC01R  ON INTRDR      RUN PROGO4
4000  4.27.22 JOB   26  $HASP373 HERC01R  STARTED - INIT  1 - CLASS A - SYS TK5R
4000  4.27.22 JOB   26  IEF403I HERC01R - STARTED - TIME=04.27.22
0004  4.27.23 JOB   26  IEFACTRT - Stepname  Procstep  Program   Retcode
0004  4.27.23 JOB   26  HERC01R    SORTSTEP            SORT      RC= 0000
0020  4.27.23 JOB   26  IEC020I 001-4,HERC01R,RUNSTEP,ENTRADA,293,WORK04,
0020  4.27.23 JOB   26  IEC020I SYS26157.T042722.RA000.HERC01R.CONTASRT
0020  4.27.23 JOB   26  IEC020I DCB EROPT=ABE OR AN INVALID CODE, AND/OR NO SYNAD EXIT SPECIFIED
4000  4.27.23 JOB   26  IEF450I HERC01R RUNSTEP - ABEND S001 U0000 - TIME=04.27.23
0004  4.27.23 JOB   26  HERC01R    RUNSTEP             PROGO4    AB S001
4000  4.27.23 JOB   26  $HASP395 HERC01R  ENDED
4000  4.27.23 JOB   26  IEF404I HERC01R - ENDED - TIME=04.27.23
C000  4.27.23           $HASP309    INIT  1 INACTIVE ******** C=A
0000  4.27.23           SE '$HASP165 JOB   26  HERC01R ENDED- ABENDED  SYSTEM 001 ',LOGON,USER=(HERC01)
0200  4.32.03 JOB   27  $HASP100 HERC01R  ON INTRDR      RUN PROGO4
4000  4.32.03 JOB   27  $HASP373 HERC01R  STARTED - INIT  1 - CLASS A - SYS TK5R
4000  4.32.03 JOB   27  IEF403I HERC01R - STARTED - TIME=04.32.03
0004  4.32.04 JOB   27  IEFACTRT - Stepname  Procstep  Program   Retcode
0004  4.32.04 JOB   27  HERC01R    SORTSTEP            SORT      RC= 0000
0020  4.32.04 JOB   27  IEC020I 001-4,HERC01R,RUNSTEP,ENTRADA,293,WORK04,
0020  4.32.04 JOB   27  IEC020I SYS26157.T043203.RA000.HERC01R.CONTASRT
0020  4.32.04 JOB   27  IEC020I DCB EROPT=ABE OR AN INVALID CODE, AND/OR NO SYNAD EXIT SPECIFIED
4000  4.32.04 JOB   27  IEF450I HERC01R RUNSTEP - ABEND S001 U0000 - TIME=04.32.04
0004  4.32.04 JOB   27  HERC01R    RUNSTEP             PROGO4    AB S001
4000  4.32.04 JOB   27  $HASP395 HERC01R  ENDED
4000  4.32.04 JOB   27  IEF404I HERC01R - ENDED - TIME=04.32.04
C000  4.32.04           $HASP309    INIT  1 INACTIVE ******** C=A
0000  4.32.04           SE '$HASP165 JOB   27  HERC01R ENDED- ABENDED  SYSTEM 001 ',LOGON,USER=(HERC01)
0200  4.32.42 JOB   23  $HASP250 HERC01R  IS PURGED
0200  4.32.42 JOB   24  $HASP250 HERC01R  IS PURGED
0200  4.32.42 JOB   25  $HASP250 HERC01R  IS PURGED
0200  4.32.42 JOB   26  $HASP250 HERC01R  IS PURGED
0200  4.36.31 STC   89  $HASP150 MF1      ON PRINTER1       198 LINES
4000  4.36.31 STC   89  IRB101I MF/1 REPORT AVAILABLE FOR PRINTING
0200  4.36.31           $HASP160 PRINTER1 INACTIVE - CLASS=A
0200  4.51.31 STC   89  $HASP150 MF1      ON PRINTER1       192 LINES
4000  4.51.31 STC   89  IRB101I MF/1 REPORT AVAILABLE FOR PRINTING
0200  4.51.31           $HASP160 PRINTER1 INACTIVE - CLASS=A
0000  5.02.30           C U=HERC01
0000  5.02.30           IEE301I HERC01   CANCEL COMMAND ACCEPTED
4000  5.02.30 TSU    8  IEF450I HERC01 ISPFTSO ISPLOGON - ABEND S222 U0000 - TIME=05.02.30
0004  5.02.30 TSU    8  IEFACTRT - Stepname  Procstep  Program   Retcode
4000  5.02.30 TSU    8  $HASP395 HERC01   ENDED
0200  5.02.30 TSU    8  $HASP150 HERC01   ON PRINTER2       389 LINES
0200  5.02.30           $HASP160 PRINTER2 INACTIVE - CLASS=Z
0200  5.02.30 TSU    8  $HASP250 HERC01   IS PURGED
4040  5.02.30 STC   87  IEA000I 0C0,IOE,0B,0200,400000000230,,,NET     ,05.02.30
4040  5.02.30 STC   87  IEA000I 0C0,IOE,05,0200,400000000001,,,NET     ,05.02.30
0000  5.02.57 STC   90  LOGON
FFFF  5.02.57           LGN001I TSO logon in progress at VTAM terminal CUU0C0
4000  5.02.57           IEF170I 1 MSTRJCL  LGN001I TSO logon in progress at VTAM terminal CUU0C0
0200  5.03.15 TSU    9  $HASP100 HERC01   ON TSOINRDR
4000  5.03.15 TSU    9  $HASP373 HERC01   STARTED
4000  5.03.15 TSU    9  IEF125I HERC01 - LOGGED ON - TIME=05.03.15
0200  5.06.31 STC   89  $HASP150 MF1      ON PRINTER1       196 LINES
4000  5.06.31 STC   89  IRB101I MF/1 REPORT AVAILABLE FOR PRINTING
0200  5.06.31           $HASP160 PRINTER1 INACTIVE - CLASS=A
0004  5.06.36           $HASP000 OK
0200  5.12.03 JOB   28  $HASP100 HERC01C  ON INTRDR      COMPILE EXE
4000  5.12.03 JOB   28  $HASP373 HERC01C  STARTED - INIT  1 - CLASS A - SYS TK5R
4000  5.12.03 JOB   28  IEF403I HERC01C - STARTED - TIME=05.12.03
0004  5.12.04 JOB   28  IEFACTRT - Stepname  Procstep  Program   Retcode
0004  5.12.04 JOB   28  HERC01C    COMPLINK  COB       IKFCBL00  RC= 0004
0004  5.12.05 JOB   28  HERC01C    COMPLINK  LKED      IEWL      RC= 0000
4000  5.12.05 JOB   28  $HASP395 HERC01C  ENDED
4000  5.12.05 JOB   28  IEF404I HERC01C - ENDED - TIME=05.12.05
C000  5.12.05           $HASP309    INIT  1 INACTIVE ******** C=A
0000  5.12.51           IEE301I HERC01   CANCEL COMMAND ACCEPTED
0000  5.12.51           C U=HERC01
4000  5.12.51 TSU    9  IEF450I HERC01 ISPFTSO ISPLOGON - ABEND S222 U0000 - TIME=05.12.51
0004  5.12.51 TSU    9  IEFACTRT - Stepname  Procstep  Program   Retcode
4000  5.12.51 TSU    9  $HASP395 HERC01   ENDED
0200  5.12.51 TSU    9  $HASP150 HERC01   ON PRINTER2       237 LINES
0200  5.12.51           $HASP160 PRINTER2 INACTIVE - CLASS=Z
0200  5.12.51 TSU    9  $HASP250 HERC01   IS PURGED
4040  5.12.51 STC   87  IEA000I 0C0,IOE,0D,0200,400000000068,,,NET     ,05.12.51
4040  5.12.51 STC   87  IEA000I 0C0,IOE,05,0200,400000000001,,,NET     ,05.12.51
0000  5.14.18 STC   90  LOGON
FFFF  5.14.18           LGN001I TSO logon in progress at VTAM terminal CUU0C0
4000  5.14.18           IEF170I 1 MSTRJCL  LGN001I TSO logon in progress at VTAM terminal CUU0C0
0200  5.14.34 TSU   10  $HASP100 HERC01   ON TSOINRDR
4000  5.14.34 TSU   10  $HASP373 HERC01   STARTED
4000  5.14.34 TSU   10  IEF125I HERC01 - LOGGED ON - TIME=05.14.34
0200  5.15.43 JOB   29  $HASP100 HERC01R  ON INTRDR      RUN PROGO4
4000  5.15.43 JOB   29  $HASP373 HERC01R  STARTED - INIT  1 - CLASS A - SYS TK5R
4000  5.15.43 JOB   29  IEF403I HERC01R - STARTED - TIME=05.15.43
0004  5.15.44 JOB   29  IEFACTRT - Stepname  Procstep  Program   Retcode
0004  5.15.44 JOB   29  HERC01R    SORTSTEP            SORT      RC= 0000
4000  5.15.44 JOB   29  IEF450I HERC01R RUNSTEP - ABEND S0C7 U0000 - TIME=05.15.44
0004  5.15.44 JOB   29  HERC01R    RUNSTEP             PROGO4    AB S0C7
4000  5.15.44 JOB   29  $HASP395 HERC01R  ENDED
4000  5.15.44 JOB   29  IEF404I HERC01R - ENDED - TIME=05.15.44
C000  5.15.44           $HASP309    INIT  1 INACTIVE ******** C=A
0000  5.15.44           SE '$HASP165 JOB   29  HERC01R ENDED- ABENDED  SYSTEM 0C7 ',LOGON,USER=(HERC01)
0200  5.21.31 STC   89  $HASP150 MF1      ON PRINTER1       199 LINES
0200  5.21.31           $HASP160 PRINTER1 INACTIVE - CLASS=A
4000  5.21.31 STC   89  IRB101I MF/1 REPORT AVAILABLE FOR PRINTING
0200  5.27.21 JOB   30  $HASP100 HERC01C  ON INTRDR      COMPILE EXE
4000  5.27.21 JOB   30  $HASP373 HERC01C  STARTED - INIT  1 - CLASS A - SYS TK5R
4000  5.27.21 JOB   30  IEF403I HERC01C - STARTED - TIME=05.27.21
0004  5.27.23 JOB   30  IEFACTRT - Stepname  Procstep  Program   Retcode
0004  5.27.23 JOB   30  HERC01C    COMPLINK  COB       IKFCBL00  RC= 0000
0004  5.27.23 JOB   30  HERC01C    COMPLINK  LKED      IEWL      RC= 0000
4000  5.27.23 JOB   30  $HASP395 HERC01C  ENDED
4000  5.27.23 JOB   30  IEF404I HERC01C - ENDED - TIME=05.27.23
C000  5.27.23           $HASP309    INIT  1 INACTIVE ******** C=A
0200  5.27.53 JOB   27  $HASP250 HERC01R  IS PURGED
0200  5.27.53 JOB   28  $HASP250 HERC01C  IS PURGED
0200  5.27.53 JOB   29  $HASP250 HERC01R  IS PURGED
0200  5.34.37 JOB   31  $HASP100 HERC01R  ON INTRDR      RUN PROGO4
4000  5.34.37 JOB   31  $HASP373 HERC01R  STARTED - INIT  1 - CLASS A - SYS TK5R
4000  5.34.37 JOB   31  IEF403I HERC01R - STARTED - TIME=05.34.37
0004  5.34.38 JOB   31  IEFACTRT - Stepname  Procstep  Program   Retcode
0004  5.34.38 JOB   31  HERC01R    SORTSTEP            SORT      RC= 0000
0004  5.34.38 JOB   31  HERC01R    RUNSTEP             PROGO4    RC= 0000
4000  5.34.38 JOB   31  $HASP395 HERC01R  ENDED
4000  5.34.38 JOB   31  IEF404I HERC01R - ENDED - TIME=05.34.38
C000  5.34.38           $HASP309    INIT  1 INACTIVE ******** C=A
0000  5.34.38           SE '$HASP165 JOB   31  HERC01R ENDED- MAX COND CODE 0000  ',LOGON,USER=(HERC01)
0200  5.36.31 STC   89  $HASP150 MF1      ON PRINTER1       198 LINES
0200  5.36.31           $HASP160 PRINTER1 INACTIVE - CLASS=A
4000  5.36.31 STC   89  IRB101I MF/1 REPORT AVAILABLE FOR PRINTING
0200  5.42.58 JOB   32  $HASP100 HERC01C  ON INTRDR      COMPILE EXE
4000  5.42.58 JOB   32  $HASP373 HERC01C  STARTED - INIT  1 - CLASS A - SYS TK5R
4000  5.42.58 JOB   32  IEF403I HERC01C - STARTED - TIME=05.42.58
0004  5.43.00 JOB   32  IEFACTRT - Stepname  Procstep  Program   Retcode
0004  5.43.00 JOB   32  HERC01C    COMPLINK  COB       IKFCBL00  RC= 0000
0004  5.43.00 JOB   32  HERC01C    COMPLINK  LKED      IEWL      RC= 0000
4000  5.43.00 JOB   32  $HASP395 HERC01C  ENDED
4000  5.43.00 JOB   32  IEF404I HERC01C - ENDED - TIME=05.43.00
C000  5.43.00           $HASP309    INIT  1 INACTIVE ******** C=A
0200  5.43.50 JOB   33  $HASP100 HERC01R  ON INTRDR      RUN PROGO4
4000  5.43.50 JOB   33  $HASP373 HERC01R  STARTED - INIT  1 - CLASS A - SYS TK5R
4000  5.43.50 JOB   33  IEF403I HERC01R - STARTED - TIME=05.43.50
0004  5.43.51 JOB   33  IEFACTRT - Stepname  Procstep  Program   Retcode
0004  5.43.51 JOB   33  HERC01R    SORTSTEP            SORT      RC= 0000
0004  5.43.51 JOB   33  HERC01R    RUNSTEP             PROGO4    RC= 0000
4000  5.43.51 JOB   33  $HASP395 HERC01R  ENDED
4000  5.43.51 JOB   33  IEF404I HERC01R - ENDED - TIME=05.43.51
C000  5.43.51           $HASP309    INIT  1 INACTIVE ******** C=A
0000  5.43.51           SE '$HASP165 JOB   33  HERC01R ENDED- MAX COND CODE 0000  ',LOGON,USER=(HERC01)
0200  5.50.45 JOB   34  $HASP100 HERC01C  ON INTRDR      COMPILE EXE
4000  5.50.45 JOB   34  $HASP373 HERC01C  STARTED - INIT  1 - CLASS A - SYS TK5R
4000  5.50.45 JOB   34  IEF403I HERC01C - STARTED - TIME=05.50.45
0004  5.50.46 JOB   34  IEFACTRT - Stepname  Procstep  Program   Retcode
0004  5.50.46 JOB   34  HERC01C    COMPLINK  COB       IKFCBL00  RC= 0000
0004  5.50.46 JOB   34  HERC01C    COMPLINK  LKED      IEWL      RC= 0000
4000  5.50.46 JOB   34  $HASP395 HERC01C  ENDED
4000  5.50.46 JOB   34  IEF404I HERC01C - ENDED - TIME=05.50.46
C000  5.50.46           $HASP309    INIT  1 INACTIVE ******** C=A
0200  5.50.54 JOB   35  $HASP100 HERC01R  ON INTRDR      RUN PROGO4
4000  5.50.54 JOB   35  $HASP373 HERC01R  STARTED - INIT  1 - CLASS A - SYS TK5R
4000  5.50.54 JOB   35  IEF403I HERC01R - STARTED - TIME=05.50.54
0004  5.50.56 JOB   35  IEFACTRT - Stepname  Procstep  Program   Retcode
0004  5.50.56 JOB   35  HERC01R    SORTSTEP            SORT      RC= 0000
0004  5.50.56 JOB   35  HERC01R    RUNSTEP             PROGO4    RC= 0000
4000  5.50.56 JOB   35  $HASP395 HERC01R  ENDED
4000  5.50.56 JOB   35  IEF404I HERC01R - ENDED - TIME=05.50.56
C000  5.50.56           $HASP309    INIT  1 INACTIVE ******** C=A
0000  5.50.56           SE '$HASP165 JOB   35  HERC01R ENDED- MAX COND CODE 0000  ',LOGON,USER=(HERC01)
0200  5.51.31 STC   89  $HASP150 MF1      ON PRINTER1       198 LINES
4000  5.51.31 STC   89  IRB101I MF/1 REPORT AVAILABLE FOR PRINTING
0200  5.51.32           $HASP160 PRINTER1 INACTIVE - CLASS=A
0200  5.54.46 JOB   36  $HASP100 HERC01C  ON INTRDR      COMPILE EXE
4000  5.54.46 JOB   36  $HASP373 HERC01C  STARTED - INIT  1 - CLASS A - SYS TK5R
4000  5.54.46 JOB   36  IEF403I HERC01C - STARTED - TIME=05.54.46
0004  5.54.47 JOB   36  IEFACTRT - Stepname  Procstep  Program   Retcode
0004  5.54.47 JOB   36  HERC01C    COMPLINK  COB       IKFCBL00  RC= 0000
0004  5.54.48 JOB   36  HERC01C    COMPLINK  LKED      IEWL      RC= 0000
4000  5.54.48 JOB   36  $HASP395 HERC01C  ENDED
4000  5.54.48 JOB   36  IEF404I HERC01C - ENDED - TIME=05.54.48
C000  5.54.48           $HASP309    INIT  1 INACTIVE ******** C=A
0200  5.54.58 JOB   37  $HASP100 HERC01R  ON INTRDR      RUN PROGO4
4000  5.54.58 JOB   37  $HASP373 HERC01R  STARTED - INIT  1 - CLASS A - SYS TK5R
4000  5.54.58 JOB   37  IEF403I HERC01R - STARTED - TIME=05.54.58
0004  5.54.59 JOB   37  IEFACTRT - Stepname  Procstep  Program   Retcode
0004  5.54.59 JOB   37  HERC01R    SORTSTEP            SORT      RC= 0000
0004  5.54.59 JOB   37  HERC01R    RUNSTEP             PROGO4    RC= 0000
4000  5.54.59 JOB   37  $HASP395 HERC01R  ENDED
4000  5.54.59 JOB   37  IEF404I HERC01R - ENDED - TIME=05.54.59
C000  5.54.59           $HASP309    INIT  1 INACTIVE ******** C=A
0000  5.54.59           SE '$HASP165 JOB   37  HERC01R ENDED- MAX COND CODE 0000  ',LOGON,USER=(HERC01)
0200  6.06.31 STC   89  $HASP150 MF1      ON PRINTER1       199 LINES
0200  6.06.31           $HASP160 PRINTER1 INACTIVE - CLASS=A
4000  6.06.31 STC   89  IRB101I MF/1 REPORT AVAILABLE FOR PRINTING
0004  6.06.39           $HASP000 OK
0200  6.06.58 JOB   38  $HASP100 HERC01R  ON INTRDR      RUN PROGO4
4000  6.06.58 JOB   38  $HASP373 HERC01R  STARTED - INIT  1 - CLASS A - SYS TK5R
4000  6.06.58 JOB   38  IEF403I HERC01R - STARTED - TIME=06.06.58
0004  6.06.59 JOB   38  IEFACTRT - Stepname  Procstep  Program   Retcode
0004  6.06.59 JOB   38  HERC01R    SORTSTEP            SORT      RC= 0000
0004  6.06.59 JOB   38  HERC01R    RUNSTEP             PROGO4    RC= 0000
4000  6.06.59 JOB   38  $HASP395 HERC01R  ENDED
4000  6.06.59 JOB   38  IEF404I HERC01R - ENDED - TIME=06.06.59
C000  6.06.59           $HASP309    INIT  1 INACTIVE ******** C=A
0000  6.06.59           SE '$HASP165 JOB   38  HERC01R ENDED- MAX COND CODE 0000  ',LOGON,USER=(HERC01)
0200  6.11.51 JOB   39  $HASP100 HERC01R  ON INTRDR      RUN PROGO4
4000  6.11.51 JOB   39  $HASP373 HERC01R  STARTED - INIT  1 - CLASS A - SYS TK5R
4000  6.11.51 JOB   39  IEF403I HERC01R - STARTED - TIME=06.11.51
0004  6.11.52 JOB   39  IEFACTRT - Stepname  Procstep  Program   Retcode
0004  6.11.52 JOB   39  HERC01R    SORTSTEP            SORT      RC= 0000
0004  6.11.52 JOB   39  HERC01R    RUNSTEP             PROGO4    RC= 0000
4000  6.11.52 JOB   39  $HASP395 HERC01R  ENDED
4000  6.11.52 JOB   39  IEF404I HERC01R - ENDED - TIME=06.11.52
C000  6.11.52           $HASP309    INIT  1 INACTIVE ******** C=A
0000  6.11.52           SE '$HASP165 JOB   39  HERC01R ENDED- MAX COND CODE 0000  ',LOGON,USER=(HERC01)
0200  6.21.31 STC   89  $HASP150 MF1      ON PRINTER1       198 LINES
0200  6.21.31           $HASP160 PRINTER1 INACTIVE - CLASS=A
4000  6.21.31 STC   89  IRB101I MF/1 REPORT AVAILABLE FOR PRINTING
0000  6.28.18           IEE301I HERC01   CANCEL COMMAND ACCEPTED
0000  6.28.18           C U=HERC01
4000  6.28.18 TSU   10  IEF450I HERC01 ISPFTSO ISPLOGON - ABEND S222 U0000 - TIME=06.28.18
0004  6.28.18 TSU   10  IEFACTRT - Stepname  Procstep  Program   Retcode
4000  6.28.18 TSU   10  $HASP395 HERC01   ENDED
0200  6.28.18 TSU   10  $HASP150 HERC01   ON PRINTER2       515 LINES
0200  6.28.18           $HASP160 PRINTER2 INACTIVE - CLASS=Z
0200  6.28.18 TSU   10  $HASP250 HERC01   IS PURGED
0000  6.28.40 STC   90  LOGON
FFFF  6.28.40           LGN001I TSO logon in progress at VTAM terminal CUU0C0
4000  6.28.40           IEF170I 1 MSTRJCL  LGN001I TSO logon in progress at VTAM terminal CUU0C0
0200  6.28.50 TSU   11  $HASP100 HERC01   ON TSOINRDR
4000  6.28.50 TSU   11  $HASP373 HERC01   STARTED
4000  6.28.50 TSU   11  IEF125I HERC01 - LOGGED ON - TIME=06.28.50
0200  6.36.31 STC   89  $HASP150 MF1      ON PRINTER1       196 LINES
0200  6.36.32           $HASP160 PRINTER1 INACTIVE - CLASS=A
4000  6.36.32 STC   89  IRB101I MF/1 REPORT AVAILABLE FOR PRINTING
